Microchip MPLAB XC8 Compiler V2.50

Linker command line:

-W-3 \
  --edf=C:\Program Files\Microchip\xc8\v2.50\pic\dat\20240725155939_en.msgs \
  -cn -h+dist/default/production\Car_Black_Box.X.production.sym \
  --cmf=dist/default/production\Car_Black_Box.X.production.cmf -z -Q18F4580 \
  -oC:\Users\Vivek\AppData\Local\Temp\xcAscog.\driver_tmp_3.o \
  --defsym=__MPLAB_BUILD=1 --fixupoverflow=error \
  -Mdist/default/production/Car_Black_Box.X.production.map \
  --md=C:\Users\Vivek\AppData\Local\Temp\xcAscog.\driver_tmp_0.dat -E1 \
  -ver=XC8 Compiler --acfsm=1493 -ACODE=00h-03000h -ACONST=00h-03000h \
  -ASMALLCONST=0600h-06FFhx42,03000h-03000h -AMEDIUMCONST=0600h-03000h \
  -ACOMRAM=01h-05Fh -AABS1=00h-05FFh -ABIGRAM=01h-05FFh \
  -ARAM=060h-0FFh,0100h-01FFhx5 -ABANK0=060h-0FFh -ABANK1=0100h-01FFh \
  -ABANK2=0200h-02FFh -ABANK3=0300h-03FFh -ABANK4=0400h-04FFh \
  -ABANK5=0500h-05FFh -ASFR=0D00h-0DFFhx2,0F00h-0F5Fh,0F60h-0FFFh \
  -ABIGSFR=0D00h-0FFFh -ACONFIG=0300000h-030000Dh -AIDLOC=0200000h-0200007h \
  -AEEDATA=0F00000h-0F000FFh -peeprom_data=EEDATA \
  -preset_vec=00h,intcode,sivt_hi,intcodelo,sivt_lo,powerup,init \
  -pramtop=0600h -psmallconst=SMALLCONST -pmediumconst=MEDIUMCONST \
  -pconst=CONST -AFARRAM=00h-00h \
  -prdata=COMRAM,nvrram=COMRAM,nvbit=COMRAM,rbss=COMRAM,rbit=COMRAM \
  -pfarbss=FARRAM,fardata=FARRAM,nvFARRAM=FARRAM \
  -pintsave_regs=BIGRAM,bigbss=BIGRAM,bigdata=BIGRAM -pbss=RAM \
  -pidata=CODE,irdata=CODE,ibigdata=CODE,ifardata=CODE -prparam=COMRAM \
  C:\Users\Vivek\AppData\Local\Temp\xcAscog.\driver_tmp_9.o \
  dist/default/production\Car_Black_Box.X.production.o 

Object code version is 3.11

Machine type is 18F4580



                Name                               Link     Load   Length Selector   Space Scale
C:\Users\Vivek\AppData\Local\Temp\xcAscog.\driver_tmp_9.o
                idloc                            200000   200000        8        0       5
                config                           300000   300000        E        0       4
                init                                  0        0        4        0       0
dist/default/production\Car_Black_Box.X.production.o
                idloc                            200000   200000        8        0       5
                config                           300000   300000        E        0       4
                mediumconst                        2F88     2F88       78     17C4       0
                text40                             2680     2680      390     1340       0
                text39                             19A2     19A2      106      CD1       0
                text38                             1E16     1E16      1B4      F0B       0
                text37                             12DE     12DE       3A      96F       0
                text36                             154A     154A       6C      AA5       0
                text35                             139A     139A       46      9CD       0
                text34                             180E     180E       C2      C07       0
                text33                             1760     1760       AE      BB0       0
                text32                             1168     1168        6      8B4       0
                text31                             11B6     11B6       12      8DB       0
                text30                             116E     116E        8      8B7       0
                text29                             118E     118E        C      8C7       0
                text28                             1176     1176        8      8BB       0
                text27                             117E     117E        8      8BF       0
                text26                             1186     1186        8      8C3       0
                text25                             119A     119A        C      8CD       0
                text24                             1260     1260       2A      930       0
                text23                             1318     1318       40      98C       0
                text22                             1BB0     1BB0      124      DD8       0
                text21                             1FCA     1FCA      1F6      FE5       0
                text20                             14E4     14E4       66      A72       0
                text19                             11C8     11C8       16      8E4       0
                text18                             1486     1486       5E      A43       0
                text17                             1CD4     1CD4      142      E6A       0
                text16                             128A     128A       2A      945       0
                text15                             1636     1636       84      B1B       0
                text14                             1226     1226       1C      913       0
                text13                             16BA     16BA       A6      B5D       0
                text12                             1242     1242       1E      921       0
                text11                             13E0     13E0       48      9F0       0
                text10                             11DE     11DE       16      8EF       0
                text9                              11A6     11A6       10      8D3       0
                text8                              12B4     12B4       2A      95A       0
                text7                              120C     120C       1A      906       0
                text6                              11F4     11F4       18      8FA       0
                text5                              23EE     23EE      292     11F7       0
                text4                              1AA8     1AA8      108      D54       0
                text3                              15B6     15B6       80      ADB       0
                text2                              2A10     2A10      578     1508       0
                text1                              21C0     21C0      22E     10E0       0
                text0                              18D0     18D0       D2      C68       0
                cstackCOMRAM                          1        1       57        1       1
                dataBANK0                            60       60       5D       60       1
                bssBANK0                             BD       BD       13       60       1
                bssCOMRAM                            58       58        8        1       1
                cinit                              1358     1358       42      9AC       0
                idataBANK0                         1429     1429       5D     1429       0

TOTAL           Name                               Link     Load   Length     Space
        CLASS   CODE           
                init                                  0        0        4         0
                text40                             2680     2680      390         0
                text39                             19A2     19A2      106         0
                text38                             1E16     1E16      1B4         0
                text37                             12DE     12DE       3A         0
                text36                             154A     154A       6C         0
                text35                             139A     139A       46         0
                text34                             180E     180E       C2         0
                text33                             1760     1760       AE         0
                text32                             1168     1168        6         0
                text31                             11B6     11B6       12         0
                text30                             116E     116E        8         0
                text29                             118E     118E        C         0
                text28                             1176     1176        8         0
                text27                             117E     117E        8         0
                text26                             1186     1186        8         0
                text25                             119A     119A        C         0
                text24                             1260     1260       2A         0
                text23                             1318     1318       40         0
                text22                             1BB0     1BB0      124         0
                text21                             1FCA     1FCA      1F6         0
                text20                             14E4     14E4       66         0
                text19                             11C8     11C8       16         0
                text18                             1486     1486       5E         0
                text17                             1CD4     1CD4      142         0
                text16                             128A     128A       2A         0
                text15                             1636     1636       84         0
                text14                             1226     1226       1C         0
                text13                             16BA     16BA       A6         0
                text12                             1242     1242       1E         0
                text11                             13E0     13E0       48         0
                text10                             11DE     11DE       16         0
                text9                              11A6     11A6       10         0
                text8                              12B4     12B4       2A         0
                text7                              120C     120C       1A         0
                text6                              11F4     11F4       18         0
                text5                              23EE     23EE      292         0
                text4                              1AA8     1AA8      108         0
                text3                              15B6     15B6       80         0
                text2                              2A10     2A10      578         0
                text1                              21C0     21C0      22E         0
                text0                              18D0     18D0       D2         0
                cinit                              1358     1358       42         0
                idataBANK0                         1429     1429       5D         0

        CLASS   CONST          

        CLASS   SMALLCONST     

        CLASS   MEDIUMCONST    
                mediumconst                        2F88     2F88       78         0

        CLASS   COMRAM         
                cstackCOMRAM                          1        1       57         1
                bssCOMRAM                            58       58        8         1

        CLASS   ABS1           

        CLASS   BIGRAM         

        CLASS   RAM            

        CLASS   BANK0          
                dataBANK0                            60       60       5D         1
                bssBANK0                             BD       BD       13         1

        CLASS   BANK1          

        CLASS   BANK2          

        CLASS   BANK3          

        CLASS   BANK4          

        CLASS   BANK5          

        CLASS   SFR            

        CLASS   BIGSFR         

        CLASS   CONFIG         
                config                           300000   300000        E         4

        CLASS   IDLOC          
                idloc                            200000   200000        8         5

        CLASS   EEDATA         

        CLASS   FARRAM         

        CLASS   HEAP           

        CLASS   STACK          



SEGMENTS        Name                           Load    Length   Top    Selector   Space  Class

                reset_vec                      000000  000004  000004         0       0  CODE    
                cstackCOMRAM                   000001  00005F  000060         1       1  COMRAM  
                dataBANK0                      000060  000070  0000D0        60       1  BANK0   
                text32                         001168  000006  00116E       8B4       0  CODE    
                text30                         00116E  000008  001176       8B7       0  CODE    
                text28                         001176  000008  00117E       8BB       0  CODE    
                text27                         00117E  000008  001186       8BF       0  CODE    
                text26                         001186  000008  00118E       8C3       0  CODE    
                text29                         00118E  00000C  00119A       8C7       0  CODE    
                text25                         00119A  00000C  0011A6       8CD       0  CODE    
                text9                          0011A6  000010  0011B6       8D3       0  CODE    
                text31                         0011B6  000012  0011C8       8DB       0  CODE    
                text19                         0011C8  000016  0011DE       8E4       0  CODE    
                text10                         0011DE  000016  0011F4       8EF       0  CODE    
                text6                          0011F4  000018  00120C       8FA       0  CODE    
                text7                          00120C  00001A  001226       906       0  CODE    
                text14                         001226  00001C  001242       913       0  CODE    
                text12                         001242  00001E  001260       921       0  CODE    
                text24                         001260  00002A  00128A       930       0  CODE    
                text16                         00128A  00002A  0012B4       945       0  CODE    
                text8                          0012B4  00002A  0012DE       95A       0  CODE    
                text37                         0012DE  00003A  001318       96F       0  CODE    
                text23                         001318  000040  001358       98C       0  CODE    
                cinit                          001358  000042  00139A       9AC       0  CODE    
                text35                         00139A  000046  0013E0       9CD       0  CODE    
                text11                         0013E0  000048  001428       9F0       0  CODE    
                idataBANK0                     001429  00005D  001486      1429       0  CODE    
                text18                         001486  00005E  0014E4       A43       0  CODE    
                text20                         0014E4  000066  00154A       A72       0  CODE    
                text36                         00154A  00006C  0015B6       AA5       0  CODE    
                text3                          0015B6  000080  001636       ADB       0  CODE    
                text15                         001636  000084  0016BA       B1B       0  CODE    
                text13                         0016BA  0000A6  001760       B5D       0  CODE    
                text33                         001760  0000AE  00180E       BB0       0  CODE    
                text34                         00180E  0000C2  0018D0       C07       0  CODE    
                text0                          0018D0  0000D2  0019A2       C68       0  CODE    
                text39                         0019A2  000106  001AA8       CD1       0  CODE    
                text4                          001AA8  000108  001BB0       D54       0  CODE    
                text22                         001BB0  000124  001CD4       DD8       0  CODE    
                text17                         001CD4  000142  001E16       E6A       0  CODE    
                text38                         001E16  0001B4  001FCA       F0B       0  CODE    
                text21                         001FCA  0001F6  0021C0       FE5       0  CODE    
                text1                          0021C0  00022E  0023EE      10E0       0  CODE    
                text5                          0023EE  000292  002680      11F7       0  CODE    
                text40                         002680  000390  002A10      1340       0  CODE    
                text2                          002A10  000578  002F88      1508       0  CODE    
                mediumconst                    002F88  000078  003000      17C4       0  MEDIUMCO


UNUSED ADDRESS RANGES

        Name                Unused          Largest block    Delta
        BANK0            0000D0-0000FF               30
        BANK1            000100-0001FF              100
        BANK2            000200-0002FF              100
        BANK3            000300-0003FF              100
        BANK4            000400-0004FF              100
        BANK5            000500-0005FF              100
        BIGRAM           0000D0-0005FF              530
        BIGSFR           000D00-000FFF              300
        CODE             000004-001167             1164
                         001428-001428                1
                         003000-003000                1
        CONST            000004-001167             1164
                         001428-001428                1
                         003000-003000                1
        EEDATA           F00000-F000FF              100
        MEDIUMCONST      000600-001167              B68
                         001428-001428                1
                         003000-003000                1
        RAM              0000D0-0005FF              100
        SFR              000D00-000FFF              100
        SMALLCONST       000600-001167              100
                         001428-001428                1
                         003000-003000                1

                                  Symbol Table

?___awdiv                         cstackCOMRAM 000001
?___awmod                         cstackCOMRAM 000001
?___fldiv                         cstackCOMRAM 00000F
?___fltol                         cstackCOMRAM 000028
?___xxtofl                        cstackCOMRAM 000001
?_read_adc                        cstackCOMRAM 000001
Dashboard@F10573                  dataBANK0    000060
Dashboard@adc_reg_val             cstackCOMRAM 00004F
Dashboard@current_state           cstackCOMRAM 000032
Dashboard@ev                      cstackCOMRAM 000034
Dashboard@key                     cstackCOMRAM 000054
Dashboard@row                     bssCOMRAM    00005B
Dashboard@speed                   cstackCOMRAM 000055
Dashboard@speed_str               cstackCOMRAM 000051
_ABDEN                            (abs)        007DC0
_ABDOVF                           (abs)        007DC7
_ACKDT                            (abs)        007E2D
_ACKEN                            (abs)        007E2C
_ACKSTAT                          (abs)        007E2E
_ACQT0                            (abs)        007E03
_ACQT1                            (abs)        007E04
_ACQT2                            (abs)        007E05
_ADCON0                           (abs)        000FC2
_ADCS0                            (abs)        007E00
_ADCS1                            (abs)        007E01
_ADCS2                            (abs)        007E02
_ADFM                             (abs)        007E07
_ADON                             (abs)        007E10
_ADRESH                           (abs)        000FC4
_ADRESL                           (abs)        000FC3
_BCLIF                            (abs)        007D0B
_BRG16                            (abs)        007DC3
_BRGH                             (abs)        007D62
_CKE                              (abs)        007E3E
_CREN                             (abs)        007D5C
_Dashboard                        text21       001FCA
_GO                               (abs)        007E11
_GODONE                           (abs)        007E11
_PEN                              (abs)        007E2A
_PORTD                            (abs)        000F83
_RB1                              (abs)        007C09
_RB2                              (abs)        007C0A
_RB3                              (abs)        007C0B
_RB4                              (abs)        007C0C
_RB5                              (abs)        007C0D
_RB6                              (abs)        007C0E
_RB7                              (abs)        007C0F
_RBPU                             (abs)        007F8F
_RC0                              (abs)        007C10
_RC1                              (abs)        007C11
_RC2                              (abs)        007C12
_RCEN                             (abs)        007E2B
_RCIE                             (abs)        007CED
_RCIF                             (abs)        007CF5
_RCREG                            (abs)        000FAE
_RD7                              (abs)        007C1F
_RSEN                             (abs)        007E29
_RX9                              (abs)        007D5E
_SEN                              (abs)        007E28
_SENDB                            (abs)        007D63
_SMP                              (abs)        007E3F
_SPBRG                            (abs)        000FAF
_SPEN                             (abs)        007D5F
_SSPADD                           (abs)        000FC8
_SSPBUF                           (abs)        000FC9
_SSPCON1                          (abs)        000FC6
_SSPIF                            (abs)        007CF3
_SYNC                             (abs)        007D64
_TRISB                            (abs)        000F93
_TRISC                            (abs)        000F94
_TRISC3                           (abs)        007CA3
_TRISC4                           (abs)        007CA4
_TRISC6                           (abs)        007CA6
_TRISC7                           (abs)        007CA7
_TRISD                            (abs)        000F95
_TRISD7                           (abs)        007CAF
_TX9                              (abs)        007D66
_TXEN                             (abs)        007D65
_TXIE                             (abs)        007CEC
_TXIF                             (abs)        007CF4
_TXREG                            (abs)        000FAD
_VCFG0                            (abs)        007E0C
_VCFG1                            (abs)        007E0D
_WUE                              (abs)        007DC1
__HRAM                            (abs)        000000
__H__absolute__                   __absolute__ 000000
__Habs1                           abs1         000000
__Hbank0                          bank0        000000
__Hbank1                          bank1        000000
__Hbank2                          bank2        000000
__Hbank3                          bank3        000000
__Hbank4                          bank4        000000
__Hbank5                          bank5        000000
__Hbigbss                         bigbss       000000
__Hbigdata                        bigdata      000000
__Hbigram                         bigram       000000
__Hbigsfr                         bigsfr       000000
__Hbss                            bss          000000
__HbssBANK0                       bssBANK0     000000
__HbssCOMRAM                      bssCOMRAM    000000
__Hcinit                          cinit        000000
__Hclrtext                        clrtext      000000
__Hcomram                         comram       000000
__Hconfig                         config       30000E
__Hconst                          const        000000
__HcstackCOMRAM                   cstackCOMRAM 000000
__Hdata                           data         000000
__HdataBANK0                      dataBANK0    000000
__Heeprom_data                    eeprom_data  000000
__Hfarbss                         farbss       000000
__Hfardata                        fardata      000000
__Hheap                           heap         000000
__Hibigdata                       ibigdata     000000
__Hidata                          idata        000000
__HidataBANK0                     idataBANK0   000000
__Hidloc                          idloc        200008
__Hifardata                       ifardata     000000
__Hinit                           init         000004
__Hintcode                        intcode      000000
__Hintcode_body                   intcode_body 000000
__Hintcodelo                      intcodelo    000000
__Hintentry                       intentry     000000
__Hintret                         intret       000000
__Hintsave_regs                   intsave_regs 000000
__Hirdata                         irdata       000000
__Hmediumconst                    mediumconst  003000
__HnvFARRAM                       nvFARRAM     000000
__Hnvbit                          nvbit        000000
__Hnvrram                         nvrram       000000
__Hparam                          rparam       000000
__Hpowerup                        powerup      000000
__Hram                            ram          000000
__Hramtop                         ramtop       000600
__Hrbit                           rbit         000000
__Hrbss                           rbss         000000
__Hrdata                          rdata        000000
__Hreset_vec                      reset_vec    000000
__Hrparam                         rparam       000000
__Hsfr                            sfr          000000
__Hsivt_hi                        sivt_hi      000000
__Hsivt_lo                        sivt_lo      000000
__Hsmallconst                     smallconst   000000
__Hspace_0                        (abs)        003000
__Hspace_1                        (abs)        0000D0
__Hspace_2                        (abs)        000000
__Hspace_4                        (abs)        60000E
__Hstack                          stack        000000
__Hstruct                         struct       000000
__Htemp                           temp         000000
__Htext                           text         000000
__Htext0                          text0        000000
__Htext1                          text1        000000
__Htext10                         text10       000000
__Htext11                         text11       000000
__Htext12                         text12       000000
__Htext13                         text13       000000
__Htext14                         text14       000000
__Htext15                         text15       000000
__Htext16                         text16       000000
__Htext17                         text17       000000
__Htext18                         text18       000000
__Htext19                         text19       000000
__Htext2                          text2        000000
__Htext20                         text20       000000
__Htext21                         text21       000000
__Htext22                         text22       000000
__Htext23                         text23       000000
__Htext24                         text24       000000
__Htext25                         text25       000000
__Htext26                         text26       000000
__Htext27                         text27       000000
__Htext28                         text28       000000
__Htext29                         text29       000000
__Htext3                          text3        000000
__Htext30                         text30       000000
__Htext31                         text31       000000
__Htext32                         text32       000000
__Htext33                         text33       000000
__Htext34                         text34       000000
__Htext35                         text35       000000
__Htext36                         text36       000000
__Htext37                         text37       000000
__Htext38                         text38       000000
__Htext39                         text39       000000
__Htext4                          text4        000000
__Htext40                         text40       000000
__Htext5                          text5        000000
__Htext6                          text6        000000
__Htext7                          text7        000000
__Htext8                          text8        000000
__Htext9                          text9        000000
__LRAM                            (abs)        000001
__L__absolute__                   __absolute__ 000000
__Labs1                           abs1         000000
__Lbank0                          bank0        000000
__Lbank1                          bank1        000000
__Lbank2                          bank2        000000
__Lbank3                          bank3        000000
__Lbank4                          bank4        000000
__Lbank5                          bank5        000000
__Lbigbss                         bigbss       000000
__Lbigdata                        bigdata      000000
__Lbigram                         bigram       000000
__Lbigsfr                         bigsfr       000000
__Lbss                            bss          000000
__LbssBANK0                       bssBANK0     000000
__LbssCOMRAM                      bssCOMRAM    000000
__Lcinit                          cinit        000000
__Lclrtext                        clrtext      000000
__Lcomram                         comram       000000
__Lconfig                         config       000000
__Lconst                          const        000000
__LcstackCOMRAM                   cstackCOMRAM 000000
__Ldata                           data         000000
__LdataBANK0                      dataBANK0    000000
__Leeprom_data                    eeprom_data  000000
__Lfarbss                         farbss       000000
__Lfardata                        fardata      000000
__Lheap                           heap         000000
__Libigdata                       ibigdata     000000
__Lidata                          idata        000000
__LidataBANK0                     idataBANK0   000000
__Lidloc                          idloc        000000
__Lifardata                       ifardata     000000
__Linit                           init         000000
__Lintcode                        intcode      000000
__Lintcode_body                   intcode_body 000000
__Lintcodelo                      intcodelo    000000
__Lintentry                       intentry     000000
__Lintret                         intret       000000
__Lintsave_regs                   intsave_regs 000000
__Lirdata                         irdata       000000
__Lmediumconst                    mediumconst  002F88
__LnvFARRAM                       nvFARRAM     000000
__Lnvbit                          nvbit        000000
__Lnvrram                         nvrram       000000
__Lparam                          rparam       000000
__Lpowerup                        powerup      000000
__Lram                            ram          000000
__Lramtop                         ramtop       000600
__Lrbit                           rbit         000000
__Lrbss                           rbss         000000
__Lrdata                          rdata        000000
__Lreset_vec                      reset_vec    000000
__Lrparam                         rparam       000000
__Lsfr                            sfr          000000
__Lsivt_hi                        sivt_hi      000000
__Lsivt_lo                        sivt_lo      000000
__Lsmallconst                     smallconst   000000
__Lspace_0                        (abs)        000000
__Lspace_1                        (abs)        000000
__Lspace_2                        (abs)        000000
__Lspace_4                        (abs)        000000
__Lstack                          stack        000000
__Lstruct                         struct       000000
__Ltemp                           temp         000000
__Ltext                           text         000000
__Ltext0                          text0        000000
__Ltext1                          text1        000000
__Ltext10                         text10       000000
__Ltext11                         text11       000000
__Ltext12                         text12       000000
__Ltext13                         text13       000000
__Ltext14                         text14       000000
__Ltext15                         text15       000000
__Ltext16                         text16       000000
__Ltext17                         text17       000000
__Ltext18                         text18       000000
__Ltext19                         text19       000000
__Ltext2                          text2        000000
__Ltext20                         text20       000000
__Ltext21                         text21       000000
__Ltext22                         text22       000000
__Ltext23                         text23       000000
__Ltext24                         text24       000000
__Ltext25                         text25       000000
__Ltext26                         text26       000000
__Ltext27                         text27       000000
__Ltext28                         text28       000000
__Ltext29                         text29       000000
__Ltext3                          text3        000000
__Ltext30                         text30       000000
__Ltext31                         text31       000000
__Ltext32                         text32       000000
__Ltext33                         text33       000000
__Ltext34                         text34       000000
__Ltext35                         text35       000000
__Ltext36                         text36       000000
__Ltext37                         text37       000000
__Ltext38                         text38       000000
__Ltext39                         text39       000000
__Ltext4                          text4        000000
__Ltext40                         text40       000000
__Ltext5                          text5        000000
__Ltext6                          text6        000000
__Ltext7                          text7        000000
__Ltext8                          text8        000000
__Ltext9                          text9        000000
__S0                              (abs)        003000
__S1                              (abs)        0000D0
__S4                              (abs)        000000
__S5                              (abs)        000000
___awdiv                          text34       00180E
___awdiv@counter                  cstackCOMRAM 000005
___awdiv@dividend                 cstackCOMRAM 000001
___awdiv@divisor                  cstackCOMRAM 000003
___awdiv@quotient                 cstackCOMRAM 000007
___awdiv@sign                     cstackCOMRAM 000006
___awmod                          text33       001760
___awmod@counter                  cstackCOMRAM 000005
___awmod@dividend                 cstackCOMRAM 000001
___awmod@divisor                  cstackCOMRAM 000003
___awmod@sign                     cstackCOMRAM 000006
___fldiv                          text40       002680
___fldiv@a                        cstackCOMRAM 000013
___fldiv@aexp                     cstackCOMRAM 000027
___fldiv@b                        cstackCOMRAM 00000F
___fldiv@bexp                     cstackCOMRAM 000026
___fldiv@grs                      cstackCOMRAM 000022
___fldiv@new_exp                  cstackCOMRAM 000020
___fldiv@rem                      cstackCOMRAM 00001B
___fldiv@sign                     cstackCOMRAM 00001F
___fltol                          text39       0019A2
___fltol@exp1                     cstackCOMRAM 000031
___fltol@f1                       cstackCOMRAM 000028
___fltol@sign1                    cstackCOMRAM 000030
___heap_hi                        (abs)        000000
___heap_lo                        (abs)        000000
___inthi_sp                       stack        000000
___inthi_stack_hi                 stack        000000
___inthi_stack_lo                 stack        000000
___intlo_sp                       stack        000000
___intlo_stack_hi                 stack        000000
___intlo_stack_lo                 stack        000000
___param_bank                     (abs)        000000
___rparam_used                    (abs)        000001
___sp                             stack        000000
___stack_hi                       stack        000000
___stack_lo                       stack        000000
___xxtofl                         text38       001E16
___xxtofl@arg                     cstackCOMRAM 00000B
___xxtofl@exp                     cstackCOMRAM 00000A
___xxtofl@sign                    cstackCOMRAM 000009
___xxtofl@val                     cstackCOMRAM 000001
__accesstop                       (abs)        000060
__activetblptr                    (abs)        000002
__end_of_Dashboard                text21       0021C0
__end_of___awdiv                  text34       0018D0
__end_of___awmod                  text33       00180E
__end_of___fldiv                  text40       002A10
__end_of___fltol                  text39       001AA8
__end_of___xxtofl                 text38       001FCA
__end_of__initialization          cinit        001390
__end_of_clcd_print               text36       0015B6
__end_of_clcd_putch               text6        00120C
__end_of_clcd_write               text37       001318
__end_of_clearlog                 text20       00154A
__end_of_downloadlog              text17       001E16
__end_of_get_time                 text15       0016BA
__end_of_i2c_idle                 text31       0011C8
__end_of_i2c_no_ack               text32       00116E
__end_of_i2c_read                 text29       00119A
__end_of_i2c_rep_start            text28       00117E
__end_of_i2c_rx_mode              text30       001176
__end_of_i2c_start                text27       001186
__end_of_i2c_stop                 text26       00118E
__end_of_i2c_write                text25       0011A6
__end_of_init_adc                 text14       001242
__end_of_init_clcd                text13       001760
__end_of_init_config              text7        001226
__end_of_init_ds1307              text11       001428
__end_of_init_i2c                 text10       0011F4
__end_of_init_mkp                 text9        0011B6
__end_of_init_uart                text8        0012DE
__end_of_main                     text0        0019A2
__end_of_menu                     text5        002680
__end_of_putch                    text19       0011DE
__end_of_puts                     text18       0014E4
__end_of_read_adc                 text35       0013E0
__end_of_read_ds1307              text16       0012B4
__end_of_read_eeprom              text24       00128A
__end_of_read_matrix_keypad       text3        001636
__end_of_scan_key                 text4        001BB0
__end_of_settime                  text2        002F88
__end_of_store_eeprom             text22       001CD4
__end_of_viewlog                  text1        0023EE
__end_of_write_ds1307             text12       001260
__end_of_write_eeprom             text23       001358
__initialization                  cinit        001358
__mediumconst                     mediumconst  002F88
__pbssBANK0                       bssBANK0     0000BD
__pbssCOMRAM                      bssCOMRAM    000058
__pcinit                          cinit        001358
__pcstackCOMRAM                   cstackCOMRAM 000001
__pdataBANK0                      dataBANK0    000060
__pidataBANK0                     idataBANK0   001429
__pmediumconst                    mediumconst  002F88
__ptext0                          text0        0018D0
__ptext1                          text1        0021C0
__ptext10                         text10       0011DE
__ptext11                         text11       0013E0
__ptext12                         text12       001242
__ptext13                         text13       0016BA
__ptext14                         text14       001226
__ptext15                         text15       001636
__ptext16                         text16       00128A
__ptext17                         text17       001CD4
__ptext18                         text18       001486
__ptext19                         text19       0011C8
__ptext2                          text2        002A10
__ptext20                         text20       0014E4
__ptext21                         text21       001FCA
__ptext22                         text22       001BB0
__ptext23                         text23       001318
__ptext24                         text24       001260
__ptext25                         text25       00119A
__ptext26                         text26       001186
__ptext27                         text27       00117E
__ptext28                         text28       001176
__ptext29                         text29       00118E
__ptext3                          text3        0015B6
__ptext30                         text30       00116E
__ptext31                         text31       0011B6
__ptext32                         text32       001168
__ptext33                         text33       001760
__ptext34                         text34       00180E
__ptext35                         text35       00139A
__ptext36                         text36       00154A
__ptext37                         text37       0012DE
__ptext38                         text38       001E16
__ptext39                         text39       0019A2
__ptext4                          text4        001AA8
__ptext40                         text40       002680
__ptext5                          text5        0023EE
__ptext6                          text6        0011F4
__ptext7                          text7        00120C
__ptext8                          text8        0012B4
__ptext9                          text9        0011A6
__ramtop                          ramtop       000600
__smallconst                      smallconst   000000
_address                          bssCOMRAM    00005C
_clcd_print                       text36       00154A
_clcd_putch                       text6        0011F4
_clcd_write                       text37       0012DE
_clearlog                         text20       0014E4
_clock_reg                        bssBANK0     0000C1
_delay                            bssBANK0     0000BD
_downloadlog                      text17       001CD4
_field                            bssBANK0     0000C4
_flag                             bssBANK0     0000C5
_get_time                         text15       001636
_hour                             bssCOMRAM    00005F
_i2c_idle                         text31       0011B6
_i2c_no_ack                       text32       001168
_i2c_read                         text29       00118E
_i2c_rep_start                    text28       001176
_i2c_rx_mode                      text30       00116E
_i2c_start                        text27       00117E
_i2c_stop                         text26       001186
_i2c_write                        text25       00119A
_index                            bssCOMRAM    000059
_init_adc                         text14       001226
_init_clcd                        text13       0016BA
_init_config                      text7        00120C
_init_ds1307                      text11       0013E0
_init_i2c                         text10       0011DE
_init_mkp                         text9        0011A6
_init_uart                        text8        0012B4
_main                             text0        0018D0
_menu                             text5        0023EE
_min                              bssCOMRAM    00005E
_putch                            text19       0011C8
_puts                             text18       001486
_read_adc                         text35       00139A
_read_ds1307                      text16       00128A
_read_eeprom                      text24       001260
_read_matrix_keypad               text3        0015B6
_scan_key                         text4        001AA8
_sec                              bssCOMRAM    00005D
_settime                          text2        002A10
_store_eeprom                     text22       001BB0
_time                             bssBANK0     0000C7
_viewlog                          text1        0021C0
_write_ds1307                     text12       001242
_write_eeprom                     text23       001318
clcd_print@addr                   cstackCOMRAM 000005
clcd_print@data                   cstackCOMRAM 000003
clcd_putch@addr                   cstackCOMRAM 000009
clcd_putch@data                   cstackCOMRAM 00000A
clcd_write@byte                   cstackCOMRAM 000002
clcd_write@control_bit            cstackCOMRAM 000001
clearlog@current_state            cstackCOMRAM 000006
clearlog@wait                     cstackCOMRAM 000007
downloadlog@arr                   cstackCOMRAM 000011
downloadlog@current_state         cstackCOMRAM 000009
downloadlog@index                 bssCOMRAM    000058
downloadlog@wait                  cstackCOMRAM 00000D
end_of_initialization             cinit        001390
i2c_write@data                    cstackCOMRAM 000001
init_ds1307@dummy                 cstackCOMRAM 000004
intlevel0                         text         000000
intlevel1                         text         000000
intlevel2                         text         000000
intlevel3                         text         000000
isa$std                           (abs)        000001
isa$xinst                         (abs)        000000
main@current_state                cstackCOMRAM 000057
main@key                          cstackCOMRAM 000056
menu@current_state                cstackCOMRAM 00000B
menu@key                          cstackCOMRAM 00000E
menu@m_ind                        bssCOMRAM    00005A
menu@menu                         dataBANK0    00007D
menu@s_flag                       bssBANK0     0000C6
putch@byte                        cstackCOMRAM 000001
puts@s                            cstackCOMRAM 000002
read_adc@channel                  cstackCOMRAM 000007
read_adc@reg_val                  cstackCOMRAM 000005
read_ds1307@address               cstackCOMRAM 000002
read_ds1307@data                  cstackCOMRAM 000003
read_eeprom@address               cstackCOMRAM 000002
read_eeprom@data                  cstackCOMRAM 000003
read_matrix_keypad@detection_type cstackCOMRAM 000001
read_matrix_keypad@key            cstackCOMRAM 000002
read_matrix_keypad@once           dataBANK0    00007B
settime@current_state             cstackCOMRAM 00000B
settime@key                       cstackCOMRAM 000010
stackhi                           (abs)        000000
stacklo                           (abs)        000000
start                             init         000000
start_initialization              cinit        001358
store_eeprom@arr                  cstackCOMRAM 00000D
store_eeprom@ev                   cstackCOMRAM 00000B
store_eeprom@i                    cstackCOMRAM 000017
store_eeprom@row                  cstackCOMRAM 00000C
store_eeprom@speed                cstackCOMRAM 00000A
store_eeprom@time                 cstackCOMRAM 000009
viewlog@current_state             cstackCOMRAM 00000B
viewlog@key                       cstackCOMRAM 000015
viewlog@wait                      cstackCOMRAM 000011
write_ds1307@address              cstackCOMRAM 000003
write_ds1307@data                 cstackCOMRAM 000002
write_eeprom@address              cstackCOMRAM 000007
write_eeprom@data                 cstackCOMRAM 000004
write_eeprom@i                    cstackCOMRAM 000005


MODULE INFORMATION

Module		Function		Class		Link	Load	Size
download_log.c
		_downloadlog   		CODE           	1CD4	0000	322

download_log.c estimated size: 322

uart.c
		_putch         		CODE           	11C8	0000	22
		_init_uart     		CODE           	12B4	0000	42
		_puts          		CODE           	1486	0000	94

uart.c estimated size: 158

clearlog.c
		_clearlog      		CODE           	14E4	0000	102

clearlog.c estimated size: 102

C:\Program Files\Microchip\xc8\v2.50\pic\sources\c99\common\sprcdiv.c
		___fldiv       		CODE           	2680	0000	912

C:\Program Files\Microchip\xc8\v2.50\pic\sources\c99\common\sprcdiv.c estimated size: 912

i2c.c
		_i2c_start     		CODE           	117E	0000	8
		_i2c_no_ack    		CODE           	1168	0000	6
		_i2c_rep_start 		CODE           	1176	0000	8
		_i2c_idle      		CODE           	11B6	0000	18
		_i2c_write     		CODE           	119A	0000	12
		_i2c_stop      		CODE           	1186	0000	8
		_i2c_read      		CODE           	118E	0000	12
		_init_i2c      		CODE           	11DE	0000	22
		_i2c_rx_mode   		CODE           	116E	0000	8

i2c.c estimated size: 102

C:\Program Files\Microchip\xc8\v2.50\pic\sources\c99\common\awmod.c
		___awmod       		CODE           	1760	0000	174

C:\Program Files\Microchip\xc8\v2.50\pic\sources\c99\common\awmod.c estimated size: 174

dashboard.c
		_Dashboard     		CODE           	1FCA	0000	502
		_store_eeprom  		CODE           	1BB0	0000	292

dashboard.c estimated size: 794

ds1307.c
		_read_ds1307   		CODE           	128A	0000	42
		_write_ds1307  		CODE           	1242	0000	30
		_init_ds1307   		CODE           	13E0	0000	72

ds1307.c estimated size: 144

adc.c
		_init_adc      		CODE           	1226	0000	28
		_read_adc      		CODE           	139A	0000	70

adc.c estimated size: 98

C:\Program Files\Microchip\xc8\v2.50\pic\sources\c99\common\xxtofl.c
		___xxtofl      		CODE           	1E16	0000	436

C:\Program Files\Microchip\xc8\v2.50\pic\sources\c99\common\xxtofl.c estimated size: 436

mkp.c
		_read_matrix_keypad		CODE           	15B6	0000	128
		_init_mkp      		CODE           	11A6	0000	16
		_scan_key      		CODE           	1AA8	0000	264

mkp.c estimated size: 408

shared
		__initialization		CODE           	1358	0000	56

shared estimated size: 56

clcd.c
		_clcd_write    		CODE           	12DE	0000	58
		_clcd_print    		CODE           	154A	0000	108
		_clcd_putch    		CODE           	11F4	0000	24
		_init_clcd     		CODE           	16BA	0000	166

clcd.c estimated size: 356

e_eprom.c
		_read_eeprom   		CODE           	1260	0000	42
		_write_eeprom  		CODE           	1318	0000	64

e_eprom.c estimated size: 106

C:\Program Files\Microchip\xc8\v2.50\pic\sources\c99\common\awdiv.c
		___awdiv       		CODE           	180E	0000	194

C:\Program Files\Microchip\xc8\v2.50\pic\sources\c99\common\awdiv.c estimated size: 194

C:\Program Files\Microchip\xc8\v2.50\pic\sources\c99\common\fltol.c
		___fltol       		CODE           	19A2	0000	262

C:\Program Files\Microchip\xc8\v2.50\pic\sources\c99\common\fltol.c estimated size: 262

menu.c
		_menu          		CODE           	23EE	0000	658

menu.c estimated size: 658

settime.c
		_settime       		CODE           	2A10	0000	1400

settime.c estimated size: 1400

main.c
		_main          		CODE           	18D0	0000	210
		_get_time      		CODE           	1636	0000	132
		_init_config   		CODE           	120C	0000	26

main.c estimated size: 368

view_log.c
		_viewlog       		CODE           	21C0	0000	558

view_log.c estimated size: 558

